/home/Rahaf_Alqahtani/VD_labs/core_ver_git/Soc_verification_1 copy/Soc/tb/simv.daidir/.adrtdb/adrtrpc/work/hw_top/hdl	0	1005
/home/Rahaf_Alqahtani/VD_labs/core_ver_git/Soc_verification_1 copy/Soc/tb/simv.daidir/.adrtdb/adrtrpc/work/rv32i_soc/hdl	1006	1237
/home/Rahaf_Alqahtani/VD_labs/core_ver_git/Soc_verification_1 copy/Soc/tb/simv.daidir/.adrtdb/adrtrpc/work/wishbone_controller/hdl	1238	1436
/home/Rahaf_Alqahtani/VD_labs/core_ver_git/Soc_verification_1 copy/Soc/tb/simv.daidir/.adrtdb/adrtrpc/work/store_aligner/hdl	1437	1632
/home/Rahaf_Alqahtani/VD_labs/core_ver_git/Soc_verification_1 copy/Soc/tb/simv.daidir/.adrtdb/adrtrpc/work/plic_top/hdl	1633	1882
/home/Rahaf_Alqahtani/VD_labs/core_ver_git/Soc_verification_1 copy/Soc/tb/simv.daidir/.adrtdb/adrtrpc/work/soc_pkg/hdl	1883	7363
/home/Rahaf_Alqahtani/VD_labs/core_ver_git/Soc_verification_1 copy/Soc/tb/simv.daidir/.adrtdb/adrtrpc/work/spi_module_pkg/hdl	7364	13001
/home/Rahaf_Alqahtani/VD_labs/core_ver_git/Soc_verification_1 copy/Soc/tb/simv.daidir/.adrtdb/adrtrpc/work/branch_controller/hdl	13002	13302
/home/Rahaf_Alqahtani/VD_labs/core_ver_git/Soc_verification_1 copy/Soc/tb/simv.daidir/.adrtdb/adrtrpc/work/top/hdl	13303	48908
/home/Rahaf_Alqahtani/VD_labs/core_ver_git/Soc_verification_1 copy/Soc/tb/simv.daidir/.adrtdb/adrtrpc/work/uvm_custom_install_recording/hdl	48909	52608
/home/Rahaf_Alqahtani/VD_labs/core_ver_git/Soc_verification_1 copy/Soc/tb/simv.daidir/.adrtdb/adrtrpc/work/wb_pkg/hdl	52609	91289
/home/Rahaf_Alqahtani/VD_labs/core_ver_git/Soc_verification_1 copy/Soc/tb/simv.daidir/.adrtdb/adrtrpc/work/plic_gateway/hdl	91290	91495
/home/Rahaf_Alqahtani/VD_labs/core_ver_git/Soc_verification_1 copy/Soc/tb/simv.daidir/.adrtdb/adrtrpc/work/wb_if/hdl	91496	92321
/home/Rahaf_Alqahtani/VD_labs/core_ver_git/Soc_verification_1 copy/Soc/tb/simv.daidir/.adrtdb/adrtrpc/work/plic_core/hdl	92322	92853
/home/Rahaf_Alqahtani/VD_labs/core_ver_git/Soc_verification_1 copy/Soc/tb/simv.daidir/.adrtdb/adrtrpc/work/clock_and_reset_pkg/hdl	92854	107240
/home/Rahaf_Alqahtani/VD_labs/core_ver_git/Soc_verification_1 copy/Soc/tb/simv.daidir/.adrtdb/adrtrpc/work/data_path/hdl	107241	109703
/home/Rahaf_Alqahtani/VD_labs/core_ver_git/Soc_verification_1 copy/Soc/tb/simv.daidir/.adrtdb/adrtrpc/work/dm/hdl	109704	110750
/home/Rahaf_Alqahtani/VD_labs/core_ver_git/Soc_verification_1 copy/Soc/tb/simv.daidir/.adrtdb/adrtrpc/work/spi_if/hdl	110751	111622
/home/Rahaf_Alqahtani/VD_labs/core_ver_git/Soc_verification_1 copy/Soc/tb/simv.daidir/.adrtdb/adrtrpc/work/uart_regs/hdl	111623	111865
/home/Rahaf_Alqahtani/VD_labs/core_ver_git/Soc_verification_1 copy/Soc/tb/simv.daidir/.adrtdb/adrtrpc/work/alu_control/hdl	111866	112195
/home/Rahaf_Alqahtani/VD_labs/core_ver_git/Soc_verification_1 copy/Soc/tb/simv.daidir/.adrtdb/adrtrpc/work/uvm_pkg/hdl	112196	306553
/home/Rahaf_Alqahtani/VD_labs/core_ver_git/Soc_verification_1 copy/Soc/tb/simv.daidir/.adrtdb/adrtrpc/work/alu/hdl	306554	307087
/home/Rahaf_Alqahtani/VD_labs/core_ver_git/Soc_verification_1 copy/Soc/tb/simv.daidir/.adrtdb/adrtrpc/work/spi_pkg/hdl	307088	322918
/home/Rahaf_Alqahtani/VD_labs/core_ver_git/Soc_verification_1 copy/Soc/tb/simv.daidir/.adrtdb/adrtrpc/work/dtm/hdl	322919	324693
/home/Rahaf_Alqahtani/VD_labs/core_ver_git/Soc_verification_1 copy/Soc/tb/simv.daidir/.adrtdb/adrtrpc/work/debug_top/hdl	324694	325167
/home/Rahaf_Alqahtani/VD_labs/core_ver_git/Soc_verification_1 copy/Soc/tb/simv.daidir/.adrtdb/adrtrpc/work/control_unit/hdl	325168	325366
/home/Rahaf_Alqahtani/VD_labs/core_ver_git/Soc_verification_1 copy/Soc/tb/simv.daidir/.adrtdb/adrtrpc/work/dmi_to_dm_sync/hdl	325367	325605
/home/Rahaf_Alqahtani/VD_labs/core_ver_git/Soc_verification_1 copy/Soc/tb/simv.daidir/.adrtdb/adrtrpc/work/core_dbg_fsm/hdl	325606	325875
