/home/Rahaf_Alqahtani/VD_labs/core_ver_git/Soc_verification_1 copy/Soc/tb/simv.daidir/.adrtdb/adrtrpc/work/uart_regs/hdl	0	242
/home/Rahaf_Alqahtani/VD_labs/core_ver_git/Soc_verification_1 copy/Soc/tb/simv.daidir/.adrtdb/adrtrpc/work/hw_top/hdl	243	1646
/home/Rahaf_Alqahtani/VD_labs/core_ver_git/Soc_verification_1 copy/Soc/tb/simv.daidir/.adrtdb/adrtrpc/work/rv32i_soc/hdl	1647	1878
/home/Rahaf_Alqahtani/VD_labs/core_ver_git/Soc_verification_1 copy/Soc/tb/simv.daidir/.adrtdb/adrtrpc/work/uart_if/hdl	1879	3549
/home/Rahaf_Alqahtani/VD_labs/core_ver_git/Soc_verification_1 copy/Soc/tb/simv.daidir/.adrtdb/adrtrpc/work/uart_pkg/hdl	3550	35615
/home/Rahaf_Alqahtani/VD_labs/core_ver_git/Soc_verification_1 copy/Soc/tb/simv.daidir/.adrtdb/adrtrpc/work/control_unit/hdl	35616	35814
/home/Rahaf_Alqahtani/VD_labs/core_ver_git/Soc_verification_1 copy/Soc/tb/simv.daidir/.adrtdb/adrtrpc/work/dtm/hdl	35815	37589
/home/Rahaf_Alqahtani/VD_labs/core_ver_git/Soc_verification_1 copy/Soc/tb/simv.daidir/.adrtdb/adrtrpc/work/branch_controller/hdl	37590	37890
/home/Rahaf_Alqahtani/VD_labs/core_ver_git/Soc_verification_1 copy/Soc/tb/simv.daidir/.adrtdb/adrtrpc/work/alu_control/hdl	37891	38220
/home/Rahaf_Alqahtani/VD_labs/core_ver_git/Soc_verification_1 copy/Soc/tb/simv.daidir/.adrtdb/adrtrpc/work/soc_pkg/hdl	38221	45134
/home/Rahaf_Alqahtani/VD_labs/core_ver_git/Soc_verification_1 copy/Soc/tb/simv.daidir/.adrtdb/adrtrpc/work/uvm_pkg/hdl	45135	239492
/home/Rahaf_Alqahtani/VD_labs/core_ver_git/Soc_verification_1 copy/Soc/tb/simv.daidir/.adrtdb/adrtrpc/work/plic_core/hdl	239493	240024
/home/Rahaf_Alqahtani/VD_labs/core_ver_git/Soc_verification_1 copy/Soc/tb/simv.daidir/.adrtdb/adrtrpc/work/wb_if/hdl	240025	240850
/home/Rahaf_Alqahtani/VD_labs/core_ver_git/Soc_verification_1 copy/Soc/tb/simv.daidir/.adrtdb/adrtrpc/work/plic_gateway/hdl	240851	241056
/home/Rahaf_Alqahtani/VD_labs/core_ver_git/Soc_verification_1 copy/Soc/tb/simv.daidir/.adrtdb/adrtrpc/work/wb_pkg/hdl	241057	279737
/home/Rahaf_Alqahtani/VD_labs/core_ver_git/Soc_verification_1 copy/Soc/tb/simv.daidir/.adrtdb/adrtrpc/work/uvm_custom_install_recording/hdl	279738	283437
/home/Rahaf_Alqahtani/VD_labs/core_ver_git/Soc_verification_1 copy/Soc/tb/simv.daidir/.adrtdb/adrtrpc/work/i2c_pkg/hdl	283438	306752
/home/Rahaf_Alqahtani/VD_labs/core_ver_git/Soc_verification_1 copy/Soc/tb/simv.daidir/.adrtdb/adrtrpc/work/core_dbg_fsm/hdl	306753	307022
/home/Rahaf_Alqahtani/VD_labs/core_ver_git/Soc_verification_1 copy/Soc/tb/simv.daidir/.adrtdb/adrtrpc/work/spi_pkg/hdl	307023	322853
/home/Rahaf_Alqahtani/VD_labs/core_ver_git/Soc_verification_1 copy/Soc/tb/simv.daidir/.adrtdb/adrtrpc/work/dm/hdl	322854	323900
/home/Rahaf_Alqahtani/VD_labs/core_ver_git/Soc_verification_1 copy/Soc/tb/simv.daidir/.adrtdb/adrtrpc/work/alu/hdl	323901	324434
/home/Rahaf_Alqahtani/VD_labs/core_ver_git/Soc_verification_1 copy/Soc/tb/simv.daidir/.adrtdb/adrtrpc/work/wishbone_controller/hdl	324435	324633
/home/Rahaf_Alqahtani/VD_labs/core_ver_git/Soc_verification_1 copy/Soc/tb/simv.daidir/.adrtdb/adrtrpc/work/dmi_to_dm_sync/hdl	324634	324872
/home/Rahaf_Alqahtani/VD_labs/core_ver_git/Soc_verification_1 copy/Soc/tb/simv.daidir/.adrtdb/adrtrpc/work/spi_module_pkg/hdl	324873	330510
/home/Rahaf_Alqahtani/VD_labs/core_ver_git/Soc_verification_1 copy/Soc/tb/simv.daidir/.adrtdb/adrtrpc/work/i2c_if/hdl	330511	331085
/home/Rahaf_Alqahtani/VD_labs/core_ver_git/Soc_verification_1 copy/Soc/tb/simv.daidir/.adrtdb/adrtrpc/work/store_aligner/hdl	331086	331281
/home/Rahaf_Alqahtani/VD_labs/core_ver_git/Soc_verification_1 copy/Soc/tb/simv.daidir/.adrtdb/adrtrpc/work/i2c_module_pkg/hdl	331282	334873
/home/Rahaf_Alqahtani/VD_labs/core_ver_git/Soc_verification_1 copy/Soc/tb/simv.daidir/.adrtdb/adrtrpc/work/top/hdl	334874	386344
/home/Rahaf_Alqahtani/VD_labs/core_ver_git/Soc_verification_1 copy/Soc/tb/simv.daidir/.adrtdb/adrtrpc/work/data_path/hdl	386345	388807
/home/Rahaf_Alqahtani/VD_labs/core_ver_git/Soc_verification_1 copy/Soc/tb/simv.daidir/.adrtdb/adrtrpc/work/clock_and_reset_pkg/hdl	388808	403191
/home/Rahaf_Alqahtani/VD_labs/core_ver_git/Soc_verification_1 copy/Soc/tb/simv.daidir/.adrtdb/adrtrpc/work/plic_top/hdl	403192	403441
/home/Rahaf_Alqahtani/VD_labs/core_ver_git/Soc_verification_1 copy/Soc/tb/simv.daidir/.adrtdb/adrtrpc/work/spi_if/hdl	403442	404313
/home/Rahaf_Alqahtani/VD_labs/core_ver_git/Soc_verification_1 copy/Soc/tb/simv.daidir/.adrtdb/adrtrpc/work/debug_top/hdl	404314	404787
