/home/Rahaf_Alqahtani/VD_labs/core_ver_git/Soc_verification_1 copy/Soc/tb/simv.daidir/.adrtdb/adrtrpc/work/hw_top/hdl	0	945
/home/Rahaf_Alqahtani/VD_labs/core_ver_git/Soc_verification_1 copy/Soc/tb/simv.daidir/.adrtdb/adrtrpc/work/rv32i_soc/hdl	946	1177
/home/Rahaf_Alqahtani/VD_labs/core_ver_git/Soc_verification_1 copy/Soc/tb/simv.daidir/.adrtdb/adrtrpc/work/dmi_to_dm_sync/hdl	1178	1416
/home/Rahaf_Alqahtani/VD_labs/core_ver_git/Soc_verification_1 copy/Soc/tb/simv.daidir/.adrtdb/adrtrpc/work/debug_top/hdl	1417	1890
/home/Rahaf_Alqahtani/VD_labs/core_ver_git/Soc_verification_1 copy/Soc/tb/simv.daidir/.adrtdb/adrtrpc/work/wishbone_controller/hdl	1891	2089
/home/Rahaf_Alqahtani/VD_labs/core_ver_git/Soc_verification_1 copy/Soc/tb/simv.daidir/.adrtdb/adrtrpc/work/store_aligner/hdl	2090	2285
/home/Rahaf_Alqahtani/VD_labs/core_ver_git/Soc_verification_1 copy/Soc/tb/simv.daidir/.adrtdb/adrtrpc/work/top/hdl	2286	36158
/home/Rahaf_Alqahtani/VD_labs/core_ver_git/Soc_verification_1 copy/Soc/tb/simv.daidir/.adrtdb/adrtrpc/work/soc_pkg/hdl	36159	41516
/home/Rahaf_Alqahtani/VD_labs/core_ver_git/Soc_verification_1 copy/Soc/tb/simv.daidir/.adrtdb/adrtrpc/work/spi_module_pkg/hdl	41517	47166
/home/Rahaf_Alqahtani/VD_labs/core_ver_git/Soc_verification_1 copy/Soc/tb/simv.daidir/.adrtdb/adrtrpc/work/dm/hdl	47167	48213
/home/Rahaf_Alqahtani/VD_labs/core_ver_git/Soc_verification_1 copy/Soc/tb/simv.daidir/.adrtdb/adrtrpc/work/spi_if/hdl	48214	49085
/home/Rahaf_Alqahtani/VD_labs/core_ver_git/Soc_verification_1 copy/Soc/tb/simv.daidir/.adrtdb/adrtrpc/work/uvm_custom_install_recording/hdl	49086	52785
/home/Rahaf_Alqahtani/VD_labs/core_ver_git/Soc_verification_1 copy/Soc/tb/simv.daidir/.adrtdb/adrtrpc/work/plic_gateway/hdl	52786	52991
/home/Rahaf_Alqahtani/VD_labs/core_ver_git/Soc_verification_1 copy/Soc/tb/simv.daidir/.adrtdb/adrtrpc/work/data_path/hdl	52992	55454
/home/Rahaf_Alqahtani/VD_labs/core_ver_git/Soc_verification_1 copy/Soc/tb/simv.daidir/.adrtdb/adrtrpc/work/wb_if/hdl	55455	56280
/home/Rahaf_Alqahtani/VD_labs/core_ver_git/Soc_verification_1 copy/Soc/tb/simv.daidir/.adrtdb/adrtrpc/work/alu_control/hdl	56281	56610
/home/Rahaf_Alqahtani/VD_labs/core_ver_git/Soc_verification_1 copy/Soc/tb/simv.daidir/.adrtdb/adrtrpc/work/uart_regs/hdl	56611	56853
/home/Rahaf_Alqahtani/VD_labs/core_ver_git/Soc_verification_1 copy/Soc/tb/simv.daidir/.adrtdb/adrtrpc/work/branch_controller/hdl	56854	57154
/home/Rahaf_Alqahtani/VD_labs/core_ver_git/Soc_verification_1 copy/Soc/tb/simv.daidir/.adrtdb/adrtrpc/work/wb_pkg/hdl	57155	95835
/home/Rahaf_Alqahtani/VD_labs/core_ver_git/Soc_verification_1 copy/Soc/tb/simv.daidir/.adrtdb/adrtrpc/work/alu/hdl	95836	96369
/home/Rahaf_Alqahtani/VD_labs/core_ver_git/Soc_verification_1 copy/Soc/tb/simv.daidir/.adrtdb/adrtrpc/work/plic_core/hdl	96370	96901
/home/Rahaf_Alqahtani/VD_labs/core_ver_git/Soc_verification_1 copy/Soc/tb/simv.daidir/.adrtdb/adrtrpc/work/clock_and_reset_pkg/hdl	96902	111288
/home/Rahaf_Alqahtani/VD_labs/core_ver_git/Soc_verification_1 copy/Soc/tb/simv.daidir/.adrtdb/adrtrpc/work/control_unit/hdl	111289	111487
/home/Rahaf_Alqahtani/VD_labs/core_ver_git/Soc_verification_1 copy/Soc/tb/simv.daidir/.adrtdb/adrtrpc/work/plic_top/hdl	111488	111737
/home/Rahaf_Alqahtani/VD_labs/core_ver_git/Soc_verification_1 copy/Soc/tb/simv.daidir/.adrtdb/adrtrpc/work/uvm_pkg/hdl	111738	306095
/home/Rahaf_Alqahtani/VD_labs/core_ver_git/Soc_verification_1 copy/Soc/tb/simv.daidir/.adrtdb/adrtrpc/work/core_dbg_fsm/hdl	306096	306365
/home/Rahaf_Alqahtani/VD_labs/core_ver_git/Soc_verification_1 copy/Soc/tb/simv.daidir/.adrtdb/adrtrpc/work/spi_pkg/hdl	306366	322196
/home/Rahaf_Alqahtani/VD_labs/core_ver_git/Soc_verification_1 copy/Soc/tb/simv.daidir/.adrtdb/adrtrpc/work/dtm/hdl	322197	323971
