  CREATE_STREAM @0.000 ns {NAME:clk10_rst5_seq T:TVM SCOPE:uvm_test_top.tb_soc.clk_rst_env.agent.sequencer STREAM:1}
BEGIN @0.000 ns {TXH:2 STREAM:1 NAME:clk10_rst5_seq TIME=0.000 ns  TYPE="Begin_No_Parent, Link" LABEL:"" DESC="Object ID: \clock_and_reset_pkg::clk10_rst5_seq @1 (@1708)
Sequencer ID: \clock_and_reset_pkg::clock_and_reset_sequencer @1 (@709)
Phase: run
"}
  CREATE_STREAM @0.000 ns {NAME:flag_wbxspi1_seq T:TVM SCOPE:uvm_test_top.tb_soc.mcseqr STREAM:3}
BEGIN @0.000 ns {TXH:4 STREAM:3 NAME:flag_wbxspi1_seq TIME=0.000 ns  TYPE="Begin_No_Parent, Link" LABEL:"" DESC="Object ID: \top::flag_wbxspi1_seq @1 (@1720)
Sequencer ID: \top::soc_mcsequencer @1 (@566)
Phase: run
"}
BEGIN @0.000 ns {TXH:5 STREAM:1 NAME:cr TIME=0.000 ns  TYPE="Begin_End, Link" LABEL:"" DESC="Object ID: \clock_and_reset_pkg::clock_and_reset_sequence @1 (@1740)
Sequencer ID: \clock_and_reset_pkg::clock_and_reset_sequencer @1 (@709)
Phase: N/A
"}
  LINK @0.000 ns {TXH1:2 TXH2:5 RELATION=child}
  CREATE_STREAM @0.000 ns {NAME:flag_wbxspi1_seq T:TVM SCOPE:uvm_test_top.tb_soc.wbenv.masters[0].sequencer STREAM:6}
BEGIN @0.000 ns {TXH:7 STREAM:6 NAME:wb_spi1_flag TIME=0.000 ns  TYPE="Begin_End, Link" LABEL:"" DESC="Object ID: \top::wb_flags_spi1_seq @1 (@1744)
Sequencer ID: \wb_pkg::wb_master_sequencer @1 (@1562)
Phase: N/A
"}
  LINK @0.000 ns {TXH1:4 TXH2:7 RELATION=child}
  CREATE_STREAM @0.000 ns {NAME:flag_wbxspi1_seq T:TVM SCOPE:uvm_test_top.tb_soc.spienv1.slave_agent.seqr STREAM:8}
BEGIN @0.000 ns {TXH:9 STREAM:8 NAME:spi_seq TIME=0.000 ns  TYPE="Begin_End, Link" LABEL:"" DESC="Object ID: \spi_pkg::spi_slave_response_seq @1 (@1749)
Sequencer ID: \spi_pkg::spi_slave_sequencer @1 (@1226)
Phase: N/A
"}
  LINK @0.000 ns {TXH1:4 TXH2:9 RELATION=child}
BEGIN @0.000 ns {TXH:10 STREAM:6 NAME:req TIME=0.000 ns  TYPE="Begin_End, Link" LABEL:"" DESC="Object ID: \wb_pkg::wb_transaction @1 (@1758)
Sequencer ID: \wb_pkg::wb_master_sequencer @1 (@1562)
"}
  LINK @0.000 ns {TXH1:7 TXH2:10 RELATION=child}
BEGIN @0.000 ns {TXH:11 STREAM:1 NAME:req TIME=0.000 ns  TYPE="Begin_End, Link" LABEL:"" DESC="Object ID: \clock_and_reset_pkg::clock_and_reset_sequence_item @1 (@1754)
Sequencer ID: \clock_and_reset_pkg::clock_and_reset_sequencer @1 (@709)
"}
  LINK @0.000 ns {TXH1:5 TXH2:11 RELATION=child}
  SET_ATTR @0.000 ns {TXH:11 NAME:clock_period VALUE:10   RADIX:UVM_HEX BITS=32}
  SET_ATTR @0.000 ns {TXH:11 NAME:reset_delay VALUE:5   RADIX:UVM_HEX BITS=32}
  SET_ATTR @0.000 ns {TXH:11 NAME:clock_cycles_to_count VALUE:0   RADIX:UVM_HEX BITS=32}
  SET_ATTR @0.000 ns {TXH:11 NAME:cycle_count_must_happen VALUE:0   RADIX:UVM_HEX BITS=1}
  SET_ATTR @0.000 ns {TXH:11 NAME:run_clock VALUE:1   RADIX:UVM_HEX BITS=1}
  SET_ATTR @0.000 ns {TXH:11 NAME:transaction_id VALUE:1   RADIX:UVM_DEC BITS=32}
END @0.000 ns {TXH:11 TIME=0.000 ns}
FREE @0.000 ns {TXH:11}
END @0.000 ns {TXH:5 TIME=0.000 ns}
FREE @0.000 ns {TXH:5}
  SET_ATTR @75.000 ns {TXH:10 NAME:op_type VALUE:8602543204856329317   RADIX:UVM_STRING BITS=64}
  SET_ATTR @75.000 ns {TXH:10 NAME:addr VALUE:536871180   RADIX:UVM_HEX BITS=32}
  SET_ATTR @75.000 ns {TXH:10 NAME:din VALUE:4294967295   RADIX:UVM_HEX BITS=32}
  SET_ATTR @75.000 ns {TXH:10 NAME:dout VALUE:x   RADIX:UVM_HEX BITS=32}
  SET_ATTR @75.000 ns {TXH:10 NAME:rest_rf VALUE:0   RADIX:UVM_HEX BITS=1}
  SET_ATTR @75.000 ns {TXH:10 NAME:valid_sb VALUE:1   RADIX:UVM_HEX BITS=1}
  SET_ATTR @75.000 ns {TXH:10 NAME:transaction_id VALUE:1   RADIX:UVM_DEC BITS=32}
END @75.000 ns {TXH:10 TIME=0.000 ns}
FREE @75.000 ns {TXH:10}
BEGIN @75.000 ns {TXH:12 STREAM:6 NAME:req TIME=0.000 ns  TYPE="Begin_End, Link" LABEL:"" DESC="Object ID: \wb_pkg::wb_transaction @4 (@1920)
Sequencer ID: \wb_pkg::wb_master_sequencer @1 (@1562)
"}
  LINK @75.000 ns {TXH1:7 TXH2:12 RELATION=child}
  SET_ATTR @95.000 ns {TXH:12 NAME:op_type VALUE:8602543204856329317   RADIX:UVM_STRING BITS=64}
  SET_ATTR @95.000 ns {TXH:12 NAME:addr VALUE:536871424   RADIX:UVM_HEX BITS=32}
  SET_ATTR @95.000 ns {TXH:12 NAME:din VALUE:112   RADIX:UVM_HEX BITS=32}
  SET_ATTR @95.000 ns {TXH:12 NAME:dout VALUE:x   RADIX:UVM_HEX BITS=32}
  SET_ATTR @95.000 ns {TXH:12 NAME:rest_rf VALUE:0   RADIX:UVM_HEX BITS=1}
  SET_ATTR @95.000 ns {TXH:12 NAME:valid_sb VALUE:0   RADIX:UVM_HEX BITS=1}
  SET_ATTR @95.000 ns {TXH:12 NAME:transaction_id VALUE:2   RADIX:UVM_DEC BITS=32}
END @95.000 ns {TXH:12 TIME=0.000 ns}
FREE @95.000 ns {TXH:12}
BEGIN @95.000 ns {TXH:13 STREAM:6 NAME:req TIME=0.000 ns  TYPE="Begin_End, Link" LABEL:"" DESC="Object ID: \wb_pkg::wb_transaction @7 (@1935)
Sequencer ID: \wb_pkg::wb_master_sequencer @1 (@1562)
"}
  LINK @95.000 ns {TXH1:7 TXH2:13 RELATION=child}
BEGIN @105.000 ns {TXH:14 STREAM:8 NAME:req TIME=0.000 ns  TYPE="Begin_End, Link" LABEL:"" DESC="Object ID: \spi_pkg::spi_transaction @3 (@1762)
Sequencer ID: \spi_pkg::spi_slave_sequencer @1 (@1226)
"}
  LINK @105.000 ns {TXH1:9 TXH2:14 RELATION=child}
  SET_ATTR @105.000 ns {TXH:14 NAME:data_in VALUE:0   RADIX:UVM_HEX BITS=8}
  SET_ATTR @105.000 ns {TXH:14 NAME:data_out VALUE:0   RADIX:UVM_HEX BITS=8}
  SET_ATTR @105.000 ns {TXH:14 NAME:transaction_id VALUE:1   RADIX:UVM_DEC BITS=32}
END @105.000 ns {TXH:14 TIME=0.000 ns}
FREE @105.000 ns {TXH:14}
END @105.000 ns {TXH:9 TIME=0.000 ns}
FREE @105.000 ns {TXH:9}
  SET_ATTR @115.000 ns {TXH:13 NAME:op_type VALUE:8602543204856329317   RADIX:UVM_STRING BITS=64}
  SET_ATTR @115.000 ns {TXH:13 NAME:addr VALUE:536871440   RADIX:UVM_HEX BITS=32}
  SET_ATTR @115.000 ns {TXH:13 NAME:din VALUE:1   RADIX:UVM_HEX BITS=32}
  SET_ATTR @115.000 ns {TXH:13 NAME:dout VALUE:x   RADIX:UVM_HEX BITS=32}
  SET_ATTR @115.000 ns {TXH:13 NAME:rest_rf VALUE:0   RADIX:UVM_HEX BITS=1}
  SET_ATTR @115.000 ns {TXH:13 NAME:valid_sb VALUE:1   RADIX:UVM_HEX BITS=1}
  SET_ATTR @115.000 ns {TXH:13 NAME:transaction_id VALUE:3   RADIX:UVM_DEC BITS=32}
END @115.000 ns {TXH:13 TIME=0.000 ns}
FREE @115.000 ns {TXH:13}
BEGIN @115.000 ns {TXH:15 STREAM:6 NAME:req TIME=0.000 ns  TYPE="Begin_End, Link" LABEL:"" DESC="Object ID: \wb_pkg::wb_transaction @10 (@1951)
Sequencer ID: \wb_pkg::wb_master_sequencer @1 (@1562)
"}
  LINK @115.000 ns {TXH1:7 TXH2:15 RELATION=child}
  SET_ATTR @135.000 ns {TXH:15 NAME:op_type VALUE:8602543204856329317   RADIX:UVM_STRING BITS=64}
  SET_ATTR @135.000 ns {TXH:15 NAME:addr VALUE:536871432   RADIX:UVM_HEX BITS=32}
  SET_ATTR @135.000 ns {TXH:15 NAME:din VALUE:2   RADIX:UVM_HEX BITS=32}
  SET_ATTR @135.000 ns {TXH:15 NAME:dout VALUE:x   RADIX:UVM_HEX BITS=32}
  SET_ATTR @135.000 ns {TXH:15 NAME:rest_rf VALUE:0   RADIX:UVM_HEX BITS=1}
  SET_ATTR @135.000 ns {TXH:15 NAME:valid_sb VALUE:1   RADIX:UVM_HEX BITS=1}
  SET_ATTR @135.000 ns {TXH:15 NAME:transaction_id VALUE:4   RADIX:UVM_DEC BITS=32}
END @135.000 ns {TXH:15 TIME=0.000 ns}
FREE @135.000 ns {TXH:15}
BEGIN @135.000 ns {TXH:16 STREAM:6 NAME:req TIME=0.000 ns  TYPE="Begin_End, Link" LABEL:"" DESC="Object ID: \wb_pkg::wb_transaction @13 (@1966)
Sequencer ID: \wb_pkg::wb_master_sequencer @1 (@1562)
"}
  LINK @135.000 ns {TXH1:7 TXH2:16 RELATION=child}
  SET_ATTR @155.000 ns {TXH:16 NAME:op_type VALUE:8602543204856329317   RADIX:UVM_STRING BITS=64}
  SET_ATTR @155.000 ns {TXH:16 NAME:addr VALUE:536871432   RADIX:UVM_HEX BITS=32}
  SET_ATTR @155.000 ns {TXH:16 NAME:din VALUE:3   RADIX:UVM_HEX BITS=32}
  SET_ATTR @155.000 ns {TXH:16 NAME:dout VALUE:x   RADIX:UVM_HEX BITS=32}
  SET_ATTR @155.000 ns {TXH:16 NAME:rest_rf VALUE:0   RADIX:UVM_HEX BITS=1}
  SET_ATTR @155.000 ns {TXH:16 NAME:valid_sb VALUE:0   RADIX:UVM_HEX BITS=1}
  SET_ATTR @155.000 ns {TXH:16 NAME:transaction_id VALUE:5   RADIX:UVM_DEC BITS=32}
END @155.000 ns {TXH:16 TIME=0.000 ns}
FREE @155.000 ns {TXH:16}
BEGIN @155.000 ns {TXH:17 STREAM:6 NAME:req TIME=0.000 ns  TYPE="Begin_End, Link" LABEL:"" DESC="Object ID: \wb_pkg::wb_transaction @16 (@1981)
Sequencer ID: \wb_pkg::wb_master_sequencer @1 (@1562)
"}
  LINK @155.000 ns {TXH1:7 TXH2:17 RELATION=child}
  SET_ATTR @175.000 ns {TXH:17 NAME:op_type VALUE:8602543204856329317   RADIX:UVM_STRING BITS=64}
  SET_ATTR @175.000 ns {TXH:17 NAME:addr VALUE:536871432   RADIX:UVM_HEX BITS=32}
  SET_ATTR @175.000 ns {TXH:17 NAME:din VALUE:4   RADIX:UVM_HEX BITS=32}
  SET_ATTR @175.000 ns {TXH:17 NAME:dout VALUE:x   RADIX:UVM_HEX BITS=32}
  SET_ATTR @175.000 ns {TXH:17 NAME:rest_rf VALUE:0   RADIX:UVM_HEX BITS=1}
  SET_ATTR @175.000 ns {TXH:17 NAME:valid_sb VALUE:0   RADIX:UVM_HEX BITS=1}
  SET_ATTR @175.000 ns {TXH:17 NAME:transaction_id VALUE:6   RADIX:UVM_DEC BITS=32}
END @175.000 ns {TXH:17 TIME=0.000 ns}
FREE @175.000 ns {TXH:17}
BEGIN @175.000 ns {TXH:18 STREAM:6 NAME:req TIME=0.000 ns  TYPE="Begin_End, Link" LABEL:"" DESC="Object ID: \wb_pkg::wb_transaction @19 (@1996)
Sequencer ID: \wb_pkg::wb_master_sequencer @1 (@1562)
"}
  LINK @175.000 ns {TXH1:7 TXH2:18 RELATION=child}
  SET_ATTR @195.000 ns {TXH:18 NAME:op_type VALUE:8602543204856329317   RADIX:UVM_STRING BITS=64}
  SET_ATTR @195.000 ns {TXH:18 NAME:addr VALUE:536871432   RADIX:UVM_HEX BITS=32}
  SET_ATTR @195.000 ns {TXH:18 NAME:din VALUE:5   RADIX:UVM_HEX BITS=32}
  SET_ATTR @195.000 ns {TXH:18 NAME:dout VALUE:x   RADIX:UVM_HEX BITS=32}
  SET_ATTR @195.000 ns {TXH:18 NAME:rest_rf VALUE:0   RADIX:UVM_HEX BITS=1}
  SET_ATTR @195.000 ns {TXH:18 NAME:valid_sb VALUE:0   RADIX:UVM_HEX BITS=1}
  SET_ATTR @195.000 ns {TXH:18 NAME:transaction_id VALUE:7   RADIX:UVM_DEC BITS=32}
END @195.000 ns {TXH:18 TIME=0.000 ns}
FREE @195.000 ns {TXH:18}
BEGIN @195.000 ns {TXH:19 STREAM:6 NAME:req TIME=0.000 ns  TYPE="Begin_End, Link" LABEL:"" DESC="Object ID: \wb_pkg::wb_transaction @22 (@2011)
Sequencer ID: \wb_pkg::wb_master_sequencer @1 (@1562)
"}
  LINK @195.000 ns {TXH1:7 TXH2:19 RELATION=child}
  SET_ATTR @215.000 ns {TXH:19 NAME:op_type VALUE:8602543204856329317   RADIX:UVM_STRING BITS=64}
  SET_ATTR @215.000 ns {TXH:19 NAME:addr VALUE:536871432   RADIX:UVM_HEX BITS=32}
  SET_ATTR @215.000 ns {TXH:19 NAME:din VALUE:6   RADIX:UVM_HEX BITS=32}
  SET_ATTR @215.000 ns {TXH:19 NAME:dout VALUE:x   RADIX:UVM_HEX BITS=32}
  SET_ATTR @215.000 ns {TXH:19 NAME:rest_rf VALUE:0   RADIX:UVM_HEX BITS=1}
  SET_ATTR @215.000 ns {TXH:19 NAME:valid_sb VALUE:1   RADIX:UVM_HEX BITS=1}
  SET_ATTR @215.000 ns {TXH:19 NAME:transaction_id VALUE:8   RADIX:UVM_DEC BITS=32}
END @215.000 ns {TXH:19 TIME=0.000 ns}
FREE @215.000 ns {TXH:19}
BEGIN @295.000 ns {TXH:20 STREAM:6 NAME:req TIME=0.000 ns  TYPE="Begin_End, Link" LABEL:"" DESC="Object ID: \wb_pkg::wb_transaction @25 (@2026)
Sequencer ID: \wb_pkg::wb_master_sequencer @1 (@1562)
"}
  LINK @295.000 ns {TXH1:7 TXH2:20 RELATION=child}
END @300.000 ns {TXH:2 TIME=0.000 ns}
FREE @300.000 ns {TXH:2}
  SET_ATTR @315.000 ns {TXH:20 NAME:op_type VALUE:8602543204856329317   RADIX:UVM_STRING BITS=64}
  SET_ATTR @315.000 ns {TXH:20 NAME:addr VALUE:536871440   RADIX:UVM_HEX BITS=32}
  SET_ATTR @315.000 ns {TXH:20 NAME:din VALUE:0   RADIX:UVM_HEX BITS=32}
  SET_ATTR @315.000 ns {TXH:20 NAME:dout VALUE:x   RADIX:UVM_HEX BITS=32}
  SET_ATTR @315.000 ns {TXH:20 NAME:rest_rf VALUE:0   RADIX:UVM_HEX BITS=1}
  SET_ATTR @315.000 ns {TXH:20 NAME:valid_sb VALUE:1   RADIX:UVM_HEX BITS=1}
  SET_ATTR @315.000 ns {TXH:20 NAME:transaction_id VALUE:9   RADIX:UVM_DEC BITS=32}
END @315.000 ns {TXH:20 TIME=0.000 ns}
FREE @315.000 ns {TXH:20}
BEGIN @315.000 ns {TXH:21 STREAM:6 NAME:req TIME=0.000 ns  TYPE="Begin_End, Link" LABEL:"" DESC="Object ID: \wb_pkg::wb_transaction @28 (@2045)
Sequencer ID: \wb_pkg::wb_master_sequencer @1 (@1562)
"}
  LINK @315.000 ns {TXH1:7 TXH2:21 RELATION=child}
  SET_ATTR @335.000 ns {TXH:21 NAME:op_type VALUE:33603684309229924   RADIX:UVM_STRING BITS=56}
  SET_ATTR @335.000 ns {TXH:21 NAME:addr VALUE:536871428   RADIX:UVM_HEX BITS=32}
  SET_ATTR @335.000 ns {TXH:21 NAME:din VALUE:392377   RADIX:UVM_HEX BITS=32}
  SET_ATTR @335.000 ns {TXH:21 NAME:dout VALUE:136   RADIX:UVM_HEX BITS=32}
  SET_ATTR @335.000 ns {TXH:21 NAME:rest_rf VALUE:0   RADIX:UVM_HEX BITS=1}
  SET_ATTR @335.000 ns {TXH:21 NAME:valid_sb VALUE:1   RADIX:UVM_HEX BITS=1}
  SET_ATTR @335.000 ns {TXH:21 NAME:transaction_id VALUE:10   RADIX:UVM_DEC BITS=32}
END @335.000 ns {TXH:21 TIME=0.000 ns}
FREE @335.000 ns {TXH:21}
BEGIN @335.000 ns {TXH:22 STREAM:6 NAME:req TIME=0.000 ns  TYPE="Begin_End, Link" LABEL:"" DESC="Object ID: \wb_pkg::wb_transaction @31 (@2060)
Sequencer ID: \wb_pkg::wb_master_sequencer @1 (@1562)
"}
  LINK @335.000 ns {TXH1:7 TXH2:22 RELATION=child}
  SET_ATTR @355.000 ns {TXH:22 NAME:op_type VALUE:8602543204856329317   RADIX:UVM_STRING BITS=64}
  SET_ATTR @355.000 ns {TXH:22 NAME:addr VALUE:536871424   RADIX:UVM_HEX BITS=32}
  SET_ATTR @355.000 ns {TXH:22 NAME:din VALUE:48   RADIX:UVM_HEX BITS=32}
  SET_ATTR @355.000 ns {TXH:22 NAME:dout VALUE:x   RADIX:UVM_HEX BITS=32}
  SET_ATTR @355.000 ns {TXH:22 NAME:rest_rf VALUE:0   RADIX:UVM_HEX BITS=1}
  SET_ATTR @355.000 ns {TXH:22 NAME:valid_sb VALUE:0   RADIX:UVM_HEX BITS=1}
  SET_ATTR @355.000 ns {TXH:22 NAME:transaction_id VALUE:11   RADIX:UVM_DEC BITS=32}
END @355.000 ns {TXH:22 TIME=0.000 ns}
FREE @355.000 ns {TXH:22}
BEGIN @355.000 ns {TXH:23 STREAM:6 NAME:req TIME=0.000 ns  TYPE="Begin_End, Link" LABEL:"" DESC="Object ID: \wb_pkg::wb_transaction @34 (@2075)
Sequencer ID: \wb_pkg::wb_master_sequencer @1 (@1562)
"}
  LINK @355.000 ns {TXH1:7 TXH2:23 RELATION=child}
  SET_ATTR @375.000 ns {TXH:23 NAME:op_type VALUE:33603684309229924   RADIX:UVM_STRING BITS=56}
  SET_ATTR @375.000 ns {TXH:23 NAME:addr VALUE:536871428   RADIX:UVM_HEX BITS=32}
  SET_ATTR @375.000 ns {TXH:23 NAME:din VALUE:3430510654   RADIX:UVM_HEX BITS=32}
  SET_ATTR @375.000 ns {TXH:23 NAME:dout VALUE:5   RADIX:UVM_HEX BITS=32}
  SET_ATTR @375.000 ns {TXH:23 NAME:rest_rf VALUE:1   RADIX:UVM_HEX BITS=1}
  SET_ATTR @375.000 ns {TXH:23 NAME:valid_sb VALUE:0   RADIX:UVM_HEX BITS=1}
  SET_ATTR @375.000 ns {TXH:23 NAME:transaction_id VALUE:12   RADIX:UVM_DEC BITS=32}
END @375.000 ns {TXH:23 TIME=0.000 ns}
FREE @375.000 ns {TXH:23}
END @375.000 ns {TXH:7 TIME=0.000 ns}
FREE @375.000 ns {TXH:7}
END @375.000 ns {TXH:4 TIME=0.000 ns}
FREE @375.000 ns {TXH:4}
